# This is a test Variable and another Corgie!
config:
  foo: bar
  baz: corgie
